PetscDeviceContext Object: global root (root_) 1 MPI process
  type not yet set
  stream type: global_nonblocking
  children: 0
  PetscDevice Object: 1 MPI process
    type: sycl
    id: 0
PetscDeviceContext Object: global root (root_) 1 MPI process
  type not yet set
  stream type: global_nonblocking
  children: 0
  PetscDevice Object: 1 MPI process
    type: sycl
    id: 0
PetscDeviceContext Object: 1 MPI process
  type not yet set
  stream type: global_nonblocking
  children: 0
  PetscDevice Object: 1 MPI process
    type: sycl
    id: 0
PetscDeviceContext Object: 1 MPI process
  type not yet set
  stream type: global_nonblocking
  children: 0
  PetscDevice Object: 1 MPI process
    type: sycl
    id: 0
EXIT_SUCCESS
