[0] <device> PetscDeviceContextSetupGlobalContext_Private(): Initializing global PetscDeviceContext with device type host
[DEBUG OUTPUT] n: 139
[0] <device> MarkFromID_IncompatibleModes(): dctx 12 (global root) - obj 15 (memory allocation): new mode (PETSC_MEMORY_ACCESS_WRITE) NOT COMPATIBLE with default mode (PETSC_MEMORY_ACCESS_READ), serializing then clearing (0) dependencies
[0] <device> PetscDeviceContextMarkIntentFromID_Private(): dctx 12 (global root) - obj 15 (memory allocation): dependency list is empty, creating new leaf with intent PETSC_MEMORY_ACCESS_WRITE
[0] <device> MarkFromID_IncompatibleModes(): dctx 12 (global root) - obj 15 (memory deallocation): new mode (PETSC_MEMORY_ACCESS_WRITE) NOT COMPATIBLE with old mode (PETSC_MEMORY_ACCESS_WRITE), serializing then clearing (1) dependency
[0] <device> MarkFromID_IncompatibleModes_UpdateLastWrite(): dctx 12 (global root) - obj 15 (memory deallocation): we matched the previous write dependency's (intent PETSC_MEMORY_ACCESS_WRITE) device type (host), swapping last dependency with last write
[0] <device> PetscDeviceContextMarkIntentFromID_Private(): dctx 12 (global root) - obj 15 (memory deallocation): dependency list is empty, creating new leaf with intent PETSC_MEMORY_ACCESS_WRITE
[0] <device> MarkFromID_IncompatibleModes(): dctx 12 (global root) - obj 18 (memory allocation): new mode (PETSC_MEMORY_ACCESS_WRITE) NOT COMPATIBLE with default mode (PETSC_MEMORY_ACCESS_READ), serializing then clearing (0) dependencies
[0] <device> PetscDeviceContextMarkIntentFromID_Private(): dctx 12 (global root) - obj 18 (memory allocation): dependency list is empty, creating new leaf with intent PETSC_MEMORY_ACCESS_WRITE
[0] <device> MarkFromID_IncompatibleModes(): dctx 12 (global root) - obj 19 (memory allocation): new mode (PETSC_MEMORY_ACCESS_WRITE) NOT COMPATIBLE with default mode (PETSC_MEMORY_ACCESS_READ), serializing then clearing (0) dependencies
[0] <device> PetscDeviceContextMarkIntentFromID_Private(): dctx 12 (global root) - obj 19 (memory allocation): dependency list is empty, creating new leaf with intent PETSC_MEMORY_ACCESS_WRITE
[0] <device> MarkFromID_IncompatibleModes(): dctx 12 (global root) - obj 20 (memory allocation): new mode (PETSC_MEMORY_ACCESS_WRITE) NOT COMPATIBLE with default mode (PETSC_MEMORY_ACCESS_READ), serializing then clearing (0) dependencies
[0] <device> PetscDeviceContextMarkIntentFromID_Private(): dctx 12 (global root) - obj 20 (memory allocation): dependency list is empty, creating new leaf with intent PETSC_MEMORY_ACCESS_WRITE
[0] <device> MarkFromID_IncompatibleModes(): dctx 12 (global root) - obj 21 (memory allocation): new mode (PETSC_MEMORY_ACCESS_WRITE) NOT COMPATIBLE with default mode (PETSC_MEMORY_ACCESS_READ), serializing then clearing (0) dependencies
[0] <device> PetscDeviceContextMarkIntentFromID_Private(): dctx 12 (global root) - obj 21 (memory allocation): dependency list is empty, creating new leaf with intent PETSC_MEMORY_ACCESS_WRITE
[0] <device> MarkFromID_IncompatibleModes(): dctx 12 (global root) - obj 22 (memory allocation): new mode (PETSC_MEMORY_ACCESS_WRITE) NOT COMPATIBLE with default mode (PETSC_MEMORY_ACCESS_READ), serializing then clearing (0) dependencies
[0] <device> PetscDeviceContextMarkIntentFromID_Private(): dctx 12 (global root) - obj 22 (memory allocation): dependency list is empty, creating new leaf with intent PETSC_MEMORY_ACCESS_WRITE
[0] <device> MarkFromID_IncompatibleModes(): dctx 12 (global root) - obj 18 (memory deallocation): new mode (PETSC_MEMORY_ACCESS_WRITE) NOT COMPATIBLE with old mode (PETSC_MEMORY_ACCESS_WRITE), serializing then clearing (1) dependency
[0] <device> MarkFromID_IncompatibleModes_UpdateLastWrite(): dctx 12 (global root) - obj 18 (memory deallocation): we matched the previous write dependency's (intent PETSC_MEMORY_ACCESS_WRITE) device type (host), swapping last dependency with last write
[0] <device> PetscDeviceContextMarkIntentFromID_Private(): dctx 12 (global root) - obj 18 (memory deallocation): dependency list is empty, creating new leaf with intent PETSC_MEMORY_ACCESS_WRITE
[0] <device> MarkFromID_IncompatibleModes(): dctx 12 (global root) - obj 19 (memory deallocation): new mode (PETSC_MEMORY_ACCESS_WRITE) NOT COMPATIBLE with old mode (PETSC_MEMORY_ACCESS_WRITE), serializing then clearing (1) dependency
[0] <device> MarkFromID_IncompatibleModes_UpdateLastWrite(): dctx 12 (global root) - obj 19 (memory deallocation): we matched the previous write dependency's (intent PETSC_MEMORY_ACCESS_WRITE) device type (host), swapping last dependency with last write
[0] <device> PetscDeviceContextMarkIntentFromID_Private(): dctx 12 (global root) - obj 19 (memory deallocation): dependency list is empty, creating new leaf with intent PETSC_MEMORY_ACCESS_WRITE
[0] <device> MarkFromID_IncompatibleModes(): dctx 12 (global root) - obj 20 (memory deallocation): new mode (PETSC_MEMORY_ACCESS_WRITE) NOT COMPATIBLE with old mode (PETSC_MEMORY_ACCESS_WRITE), serializing then clearing (1) dependency
[0] <device> MarkFromID_IncompatibleModes_UpdateLastWrite(): dctx 12 (global root) - obj 20 (memory deallocation): we matched the previous write dependency's (intent PETSC_MEMORY_ACCESS_WRITE) device type (host), swapping last dependency with last write
[0] <device> PetscDeviceContextMarkIntentFromID_Private(): dctx 12 (global root) - obj 20 (memory deallocation): dependency list is empty, creating new leaf with intent PETSC_MEMORY_ACCESS_WRITE
[0] <device> MarkFromID_IncompatibleModes(): dctx 12 (global root) - obj 21 (memory deallocation): new mode (PETSC_MEMORY_ACCESS_WRITE) NOT COMPATIBLE with old mode (PETSC_MEMORY_ACCESS_WRITE), serializing then clearing (1) dependency
[0] <device> MarkFromID_IncompatibleModes_UpdateLastWrite(): dctx 12 (global root) - obj 21 (memory deallocation): we matched the previous write dependency's (intent PETSC_MEMORY_ACCESS_WRITE) device type (host), swapping last dependency with last write
[0] <device> PetscDeviceContextMarkIntentFromID_Private(): dctx 12 (global root) - obj 21 (memory deallocation): dependency list is empty, creating new leaf with intent PETSC_MEMORY_ACCESS_WRITE
[0] <device> MarkFromID_IncompatibleModes(): dctx 12 (global root) - obj 22 (memory deallocation): new mode (PETSC_MEMORY_ACCESS_WRITE) NOT COMPATIBLE with old mode (PETSC_MEMORY_ACCESS_WRITE), serializing then clearing (1) dependency
[0] <device> MarkFromID_IncompatibleModes_UpdateLastWrite(): dctx 12 (global root) - obj 22 (memory deallocation): we matched the previous write dependency's (intent PETSC_MEMORY_ACCESS_WRITE) device type (host), swapping last dependency with last write
[0] <device> PetscDeviceContextMarkIntentFromID_Private(): dctx 12 (global root) - obj 22 (memory deallocation): dependency list is empty, creating new leaf with intent PETSC_MEMORY_ACCESS_WRITE
[DEBUG OUTPUT] n: 207
[0] <device> MarkFromID_IncompatibleModes(): dctx 12 (global root) - obj 23 (memory allocation): new mode (PETSC_MEMORY_ACCESS_WRITE) NOT COMPATIBLE with default mode (PETSC_MEMORY_ACCESS_READ), serializing then clearing (0) dependencies
[0] <device> PetscDeviceContextMarkIntentFromID_Private(): dctx 12 (global root) - obj 23 (memory allocation): dependency list is empty, creating new leaf with intent PETSC_MEMORY_ACCESS_WRITE
[0] <device> MarkFromID_IncompatibleModes(): dctx 12 (global root) - obj 23 (memory deallocation): new mode (PETSC_MEMORY_ACCESS_WRITE) NOT COMPATIBLE with default mode (PETSC_MEMORY_ACCESS_READ), serializing then clearing (0) dependencies
[0] <device> PetscDeviceContextMarkIntentFromID_Private(): dctx 12 (global root) - obj 23 (memory deallocation): dependency list is empty, creating new leaf with intent PETSC_MEMORY_ACCESS_WRITE
[DEBUG OUTPUT] n: 462
[0] <device> MarkFromID_IncompatibleModes(): dctx 12 (global root) - obj 24 (memory allocation): new mode (PETSC_MEMORY_ACCESS_WRITE) NOT COMPATIBLE with default mode (PETSC_MEMORY_ACCESS_READ), serializing then clearing (0) dependencies
[0] <device> PetscDeviceContextMarkIntentFromID_Private(): dctx 12 (global root) - obj 24 (memory allocation): dependency list is empty, creating new leaf with intent PETSC_MEMORY_ACCESS_WRITE
[0] <device> MarkFromID_IncompatibleModes(): dctx 12 (global root) - obj 24 (memory set): new mode (PETSC_MEMORY_ACCESS_WRITE) NOT COMPATIBLE with old mode (PETSC_MEMORY_ACCESS_WRITE), serializing then clearing (1) dependency
[0] <device> MarkFromID_IncompatibleModes_UpdateLastWrite(): dctx 12 (global root) - obj 24 (memory set): we matched the previous write dependency's (intent PETSC_MEMORY_ACCESS_WRITE) device type (host), swapping last dependency with last write
[0] <device> PetscDeviceContextMarkIntentFromID_Private(): dctx 12 (global root) - obj 24 (memory set): dependency list is empty, creating new leaf with intent PETSC_MEMORY_ACCESS_WRITE
[0] <device> MarkFromID_IncompatibleModes(): dctx 12 (global root) - obj 24 (memory copy (src)): new mode (PETSC_MEMORY_ACCESS_READ) NOT COMPATIBLE with old mode (PETSC_MEMORY_ACCESS_WRITE), serializing then clearing (1) dependency
[0] <device> MarkFromID_IncompatibleModes_UpdateLastWrite(): dctx 12 (global root) - obj 24 (memory copy (src)): we matched the previous write dependency's (intent PETSC_MEMORY_ACCESS_WRITE) device type (host), swapping last dependency with last write
[0] <device> MarkFromID_IncompatibleModes_UpdateLastWrite(): dctx 12 (global root) - obj 24 (memory copy (src)): we were also the last write event (intent PETSC_MEMORY_ACCESS_READ), updating
[0] <device> MarkFromID_IncompatibleModes(): dctx 12 (global root) - obj 25 (memory copy (dest)): new mode (PETSC_MEMORY_ACCESS_WRITE) NOT COMPATIBLE with default mode (PETSC_MEMORY_ACCESS_READ), serializing then clearing (0) dependencies
[0] <device> PetscDeviceContextMarkIntentFromID_Private(): dctx 12 (global root) - obj 25 (memory copy (dest)): dependency list is empty, creating new leaf with intent PETSC_MEMORY_ACCESS_WRITE
[0] <device> MarkFromID_IncompatibleModes(): dctx 12 (global root) - obj 25 (memory deallocation): new mode (PETSC_MEMORY_ACCESS_WRITE) NOT COMPATIBLE with default mode (PETSC_MEMORY_ACCESS_READ), serializing then clearing (0) dependencies
[0] <device> PetscDeviceContextMarkIntentFromID_Private(): dctx 12 (global root) - obj 25 (memory deallocation): dependency list is empty, creating new leaf with intent PETSC_MEMORY_ACCESS_WRITE
[0] <device> MarkFromID_IncompatibleModes(): dctx 12 (global root) - obj 24 (memory deallocation): new mode (PETSC_MEMORY_ACCESS_WRITE) NOT COMPATIBLE with default mode (PETSC_MEMORY_ACCESS_READ), serializing then clearing (0) dependencies
[0] <device> PetscDeviceContextMarkIntentFromID_Private(): dctx 12 (global root) - obj 24 (memory deallocation): dependency list is empty, creating new leaf with intent PETSC_MEMORY_ACCESS_WRITE
[0] <device> PetscDeviceContextWaitForContext(): dctx 26 waiting on dctx 12
[0] <device> PetscDeviceContextWaitForContext(): dctx 27 waiting on dctx 12
[0] <device> PetscDeviceContextForkWithStreamType(): Forked 2 children from parent 12 with IDs: 26, 27
[0] <device> MarkFromID_IncompatibleModes(): dctx 26 (unnamed) - obj 28 (memory allocation): new mode (PETSC_MEMORY_ACCESS_WRITE) NOT COMPATIBLE with default mode (PETSC_MEMORY_ACCESS_READ), serializing then clearing (0) dependencies
[0] <device> PetscDeviceContextMarkIntentFromID_Private(): dctx 26 (unnamed) - obj 28 (memory allocation): dependency list is empty, creating new leaf with intent PETSC_MEMORY_ACCESS_WRITE
[0] <device> MarkFromID_IncompatibleModes(): dctx 26 (unnamed) - obj 28 (memory deallocation): new mode (PETSC_MEMORY_ACCESS_WRITE) NOT COMPATIBLE with old mode (PETSC_MEMORY_ACCESS_WRITE), serializing then clearing (1) dependency
[0] <device> MarkFromID_IncompatibleModes_UpdateLastWrite(): dctx 26 (unnamed) - obj 28 (memory deallocation): we matched the previous write dependency's (intent PETSC_MEMORY_ACCESS_WRITE) device type (host), swapping last dependency with last write
[0] <device> PetscDeviceContextMarkIntentFromID_Private(): dctx 26 (unnamed) - obj 28 (memory deallocation): dependency list is empty, creating new leaf with intent PETSC_MEMORY_ACCESS_WRITE
[0] <device> MarkFromID_IncompatibleModes(): dctx 27 (unnamed) - obj 29 (memory allocation): new mode (PETSC_MEMORY_ACCESS_WRITE) NOT COMPATIBLE with default mode (PETSC_MEMORY_ACCESS_READ), serializing then clearing (0) dependencies
[0] <device> PetscDeviceContextMarkIntentFromID_Private(): dctx 27 (unnamed) - obj 29 (memory allocation): dependency list is empty, creating new leaf with intent PETSC_MEMORY_ACCESS_WRITE
[0] <device> MarkFromID_IncompatibleModes(): dctx 27 (unnamed) - obj 29 (memory deallocation): new mode (PETSC_MEMORY_ACCESS_WRITE) NOT COMPATIBLE with old mode (PETSC_MEMORY_ACCESS_WRITE), serializing then clearing (1) dependency
[0] <device> MarkFromID_IncompatibleModes_UpdateLastWrite(): dctx 27 (unnamed) - obj 29 (memory deallocation): we matched the previous write dependency's (intent PETSC_MEMORY_ACCESS_WRITE) device type (host), swapping last dependency with last write
[0] <device> PetscDeviceContextMarkIntentFromID_Private(): dctx 27 (unnamed) - obj 29 (memory deallocation): dependency list is empty, creating new leaf with intent PETSC_MEMORY_ACCESS_WRITE
[0] <device> MarkFromID_IncompatibleModes(): dctx 26 (unnamed) - obj 30 (memory allocation): new mode (PETSC_MEMORY_ACCESS_WRITE) NOT COMPATIBLE with default mode (PETSC_MEMORY_ACCESS_READ), serializing then clearing (0) dependencies
[0] <device> PetscDeviceContextMarkIntentFromID_Private(): dctx 26 (unnamed) - obj 30 (memory allocation): dependency list is empty, creating new leaf with intent PETSC_MEMORY_ACCESS_WRITE
[0] <device> MarkFromID_IncompatibleModes(): dctx 27 (unnamed) - obj 30 (memory deallocation): new mode (PETSC_MEMORY_ACCESS_WRITE) NOT COMPATIBLE with old mode (PETSC_MEMORY_ACCESS_WRITE), serializing then clearing (1) dependency
[0] <device> MarkFromID_IncompatibleModes_UpdateLastWrite(): dctx 27 (unnamed) - obj 30 (memory deallocation): we matched the previous write dependency's (intent PETSC_MEMORY_ACCESS_WRITE) device type (host), swapping last dependency with last write
[0] <device> PetscDeviceContextMarkIntentFromID_Private(): dctx 27 (unnamed) - obj 30 (memory deallocation): dependency list is empty, creating new leaf with intent PETSC_MEMORY_ACCESS_WRITE
[0] <device> MarkFromID_IncompatibleModes(): dctx 26 (unnamed) - obj 31 (memory allocation): new mode (PETSC_MEMORY_ACCESS_WRITE) NOT COMPATIBLE with default mode (PETSC_MEMORY_ACCESS_READ), serializing then clearing (0) dependencies
[0] <device> PetscDeviceContextMarkIntentFromID_Private(): dctx 26 (unnamed) - obj 31 (memory allocation): dependency list is empty, creating new leaf with intent PETSC_MEMORY_ACCESS_WRITE
[0] <device> MarkFromID_IncompatibleModes(): dctx 27 (unnamed) - obj 31 (memory set): new mode (PETSC_MEMORY_ACCESS_WRITE) NOT COMPATIBLE with old mode (PETSC_MEMORY_ACCESS_WRITE), serializing then clearing (1) dependency
[0] <device> MarkFromID_IncompatibleModes_UpdateLastWrite(): dctx 27 (unnamed) - obj 31 (memory set): we matched the previous write dependency's (intent PETSC_MEMORY_ACCESS_WRITE) device type (host), swapping last dependency with last write
[0] <device> PetscDeviceContextMarkIntentFromID_Private(): dctx 27 (unnamed) - obj 31 (memory set): dependency list is empty, creating new leaf with intent PETSC_MEMORY_ACCESS_WRITE
[0] <device> MarkFromID_IncompatibleModes(): dctx 27 (unnamed) - obj 31 (memory deallocation): new mode (PETSC_MEMORY_ACCESS_WRITE) NOT COMPATIBLE with default mode (PETSC_MEMORY_ACCESS_READ), serializing then clearing (0) dependencies
[0] <device> PetscDeviceContextMarkIntentFromID_Private(): dctx 27 (unnamed) - obj 31 (memory deallocation): dependency list is empty, creating new leaf with intent PETSC_MEMORY_ACCESS_WRITE
[0] <device> PetscDeviceContextWaitForContext(): dctx 12 waiting on dctx 26
[0] <device> PetscDeviceContextWaitForContext(): dctx 12 waiting on dctx 27
[0] <device> PetscDeviceContextJoin(): Joined 2 ctxs to ctx 12, mode destroy with IDs: 26, 27
EXIT_SUCCESS
[0] <device> operator()(): Destroying global PetscDeviceContext with device type host
